node.exe : npm warn Unknown env config "devdir". This will stop working in the next major version of npm. See `npm 
help npmrc` for supported config options.
At line:1 char:1
+ & "C:\Program Files\nodejs/node.exe" "C:\Program Files\nodejs/node_mo ...
+ ~~~~~~~~~~~~~~~~~~~~~~~~~~~~~~~~~~~~~~~~~~~~~~~~~~~~~~~~~~~~~~~~~~~~~
    + CategoryInfo          : NotSpecified: (npm warn Unknow...config options.:String) [], RemoteException
    + FullyQualifiedErrorId : NativeCommandError
 
npm notice
npm notice New major version of npm available! 11.12.1 -> 12.0.2
npm notice Changelog: https://github.com/npm/cli/releases/tag/v12.0.2
npm notice To update run: npm install -g npm@12.0.2
npm notice
